{"logTime": "0609/194530", "correlationVector":"nXBKIGbKYz0IVVzZhIruUb.0","action":"SyncServerConnectionManagerRequest", "result":"SYNC_SERVER_ERROR", "context":{"environment":"", "error_type":"http_status_code", "error_value":"503", "migrationStage":"", "server":""}}
{"logTime": "0609/194531", "correlationVector":"nXBKIGbKYz0IVVzZhIruUb.2","action":"SyncServerConnectionManagerRequest", "result":"SYNC_SERVER_OK", "context":{"environment":"", "migrationStage":"", "server":""}}
{"logTime": "0609/194531", "correlationVector":"nXBKIGbKYz0IVVzZhIruUb.3","action":"EncryptionKeysFetcher.DownloadKeys:", "result":"Success", "context":Key count: 9, Last key timestamp: 2026-06-09T19:45:31Z}
{"logTime": "0609/194531", "correlationVector":"nXBKIGbKYz0IVVzZhIruUb.4","action":"EncryptionKeysManager::SetEncryptionKeys:", "result":"Success", "context":Key names[9]:[pdO1Ank+nOzgikaBhNXchb3mbzSCb1X3yIFcmNABZR06j/cBPlghX8gPLIft8Qv9E+jqaWy9pP8wOoVuHuhWAg==][HcEFBQVZ9VKh22F82BONTGc2MhQRac9ZwZf8Ifx5QLrGQdZY9lgWeip8zSzfNVYWLigD1reFvLQ0ymI3HkwssQ==][8VKjXsSQulnxCVuvzCib3tTPTdhReD8hFQNTif+cWVrStQugIpGdHLCDHQn759e0Jl/YlErsQgnR/CPvEyt8Hg==][fT5NCjrh5NPX/gosWL7BsAyWGO1SW1Fs1jW3dcQnmQkRgou9Ecv96w5H7uwgHdXHepnTJKPVMnIjZhdzgEPvLg==][SBvRohgPQF6pyPCilCTDgMJYYBfHO5ysmz085zDGq262ZfuX6iTa3XqO5p3nbwazr7iGLduYTlwGJbKe4cEQkg==][WznpsJKZjId9ox1NdK5+D+XbAZ6+TaLuageR7Chvm5a+6/g8l/d5WoCc33dFGhQwt7MIggL5KMadip7f+ehAgA==][+L4shm6cPLkjPin0nXteGe042gb7aOnKDo8S54SHx1HVH/fDw6jdKfEVir0hLRzjxNQNt+/S6JDa8Dr8e9B0Dw==][Fzsw0dqIw+eODJ0Qh7aDeaX+NjI7HDkvH8A+q2iZoq8SwcFLXHY+YIQoKhvp+ftTtIahV+6ZpxT/s00Zv7l9rw==][RPHq3eo+R2qM1noZ9buoihZInSSwX515IdqDn5BpaJG3zG9BJdxSebD/8HbBlLz5xQnuuJl3IyD0SZTeGgo5VQ==]}
{"logTime": "0609/194531", "correlationVector":"nXBKIGbKYz0IVVzZhIruUb.5","action":"EncryptionKeysManager::SetEncryptionKeysWithTimestamps:", "result":"Success", "context":Key timestamps[9]:[2021-08-21T17:38:55Z][2022-07-13T03:50:09Z][2023-02-06T16:56:04Z][2023-08-14T23:33:30Z][2024-04-16T22:34:00Z][2024-10-30T13:31:10Z][2025-05-13T18:15:01Z][2025-12-11T16:15:20Z][2026-06-09T19:45:31Z]}
{"logTime": "0609/194646", "correlationVector":"jv4cKhA/AeXZhuNeuy/Lvt.1","action":"SyncServerConnectionManagerRequest", "result":"SYNC_SERVER_OK", "context":{"environment":"Prod_brazilsouth_prod-s01-001-sam-brazilsouth", "migrationStage":"NotStarted", "server":"akswtt005000017"}}
{"logTime": "0609/194646", "correlationVector":"jv4cKhA/AeXZhuNeuy/Lvt.2","action":"ProcessGetUpdates", "result":"Done", "context":{"dataType":"Encryption Keys", "deleted":"0", "process_failed_to_decrypt":"0", "process_pending_decryption":"0", "process_success":"1", "total":"1"}}
{"logTime": "0609/194646", "correlationVector":"nXBKIGbKYz0IVVzZhIruUb","action":"Initial GetUpdates", "result":"", "context":Reason: NEW_CLIENT. cV=nXBKIGbKYz0IVVzZhIruUb}
{"logTime": "0609/194646", "correlationVector":"nXBKIGbKYz0IVVzZhIruUb.1","action":"GetUpdates Response", "result":"HTTP error (503)", "context":Received error: HTTP error (503). }
{"logTime": "0609/194646", "correlationVector":"jv4cKhA/AeXZhuNeuy/Lvt","action":"Initial GetUpdates", "result":"", "context":Reason: NEW_CLIENT. cV=jv4cKhA/AeXZhuNeuy/Lvt}
{"logTime": "0609/194646", "correlationVector":"jv4cKhA/AeXZhuNeuy/Lvt.3","action":"GetUpdates Response", "result":"Success", "context":Received 1 update(s). cV=jv4cKhA/AeXZhuNeuy/Lvt.0;server=akswtt005000017;cloudType=Consumer;environment=Prod_brazilsouth_prod-s01-001-sam-brazilsouth;migrationStage=NotStarted}
{"logTime": "0609/194646", "correlationVector":"hY7AS7F2ZJYtu57wH12/a6","action":"Initial GetUpdates", "result":"", "context":Reason: NEW_CLIENT. cV=hY7AS7F2ZJYtu57wH12/a6}
{"logTime": "0609/194646", "correlationVector":"hY7AS7F2ZJYtu57wH12/a6.1","action":"SyncServerConnectionManagerRequest", "result":"SYNC_SERVER_OK", "context":{"environment":"Prod_brazilsouth_prod-s01-001-sam-brazilsouth", "migrationStage":"NotStarted", "server":"akswtt005000013"}}
{"logTime": "0609/194646", "correlationVector":"hY7AS7F2ZJYtu57wH12/a6.2","action":"ProcessGetUpdates", "result":"Done", "context":{"dataType":"Preferences", "deleted":"0", "process_failed_to_decrypt":"0", "process_pending_decryption":"0", "process_success":"60", "total":"60"}}
{"logTime": "0609/194646", "correlationVector":"hY7AS7F2ZJYtu57wH12/a6.3","action":"ProcessGetUpdates", "result":"Done", "context":{"dataType":"Passwords", "deleted":"0", "process_failed_to_decrypt":"0", "process_pending_decryption":"0", "process_success":"5", "total":"5"}}
{"logTime": "0609/194646", "correlationVector":"hY7AS7F2ZJYtu57wH12/a6.4","action":"ProcessGetUpdates", "result":"Done", "context":{"dataType":"Device Info", "deleted":"0", "process_failed_to_decrypt":"0", "process_pending_decryption":"0", "process_success":"4", "total":"4"}}
{"logTime": "0609/194646", "correlationVector":"hY7AS7F2ZJYtu57wH12/a6.5","action":"GetUpdates Response", "result":"Success", "context":Received 69 update(s). cV=hY7AS7F2ZJYtu57wH12/a6.0;server=akswtt005000013;cloudType=Consumer;environment=Prod_brazilsouth_prod-s01-001-sam-brazilsouth;migrationStage=NotStarted}
{"logTime": "0609/194647", "correlationVector":"fvWnjH1onllGg4sm3p7oPJ","action":"Initial GetUpdates", "result":"", "context":Reason: NEW_CLIENT. cV=fvWnjH1onllGg4sm3p7oPJ}
{"logTime": "0609/194647", "correlationVector":"fvWnjH1onllGg4sm3p7oPJ.1","action":"SyncServerConnectionManagerRequest", "result":"SYNC_SERVER_OK", "context":{"environment":"Prod_brazilsouth_prod-s01-001-sam-brazilsouth", "migrationStage":"NotStarted", "server":"akswtt00500000q"}}
{"logTime": "0609/194647", "correlationVector":"fvWnjH1onllGg4sm3p7oPJ.2","action":"ProcessGetUpdates", "result":"Done", "context":{"dataType":"Bookmarks", "deleted":"0", "process_failed_to_decrypt":"0", "process_pending_decryption":"0", "process_success":"60", "total":"60"}}
{"logTime": "0609/194647", "correlationVector":"fvWnjH1onllGg4sm3p7oPJ.3","action":"GetUpdates Response", "result":"Success", "context":Received 60 update(s). cV=fvWnjH1onllGg4sm3p7oPJ.0;server=akswtt00500000q;cloudType=Consumer;environment=Prod_brazilsouth_prod-s01-001-sam-brazilsouth;migrationStage=NotStarted}
{"logTime": "0609/194647", "correlationVector":"Orb5nxP8eE5uVLveXsYaSt","action":"Initial GetUpdates", "result":"", "context":Reason: NEW_CLIENT. cV=Orb5nxP8eE5uVLveXsYaSt}
{"logTime": "0609/194647", "correlationVector":"Orb5nxP8eE5uVLveXsYaSt.1","action":"SyncServerConnectionManagerRequest", "result":"SYNC_SERVER_OK", "context":{"environment":"Prod_brazilsouth_prod-s01-001-sam-brazilsouth", "migrationStage":"NotStarted", "server":"akswtt005000014"}}
{"logTime": "0609/194647", "correlationVector":"Orb5nxP8eE5uVLveXsYaSt.2","action":"ProcessGetUpdates", "result":"Done", "context":{"dataType":"Autofill", "deleted":"0", "process_failed_to_decrypt":"0", "process_pending_decryption":"0", "process_success":"7", "total":"7"}}
{"logTime": "0609/194647", "correlationVector":"Orb5nxP8eE5uVLveXsYaSt.3","action":"ProcessGetUpdates", "result":"Done", "context":{"dataType":"Extensions", "deleted":"0", "process_failed_to_decrypt":"0", "process_pending_decryption":"0", "process_success":"3", "total":"3"}}
{"logTime": "0609/194647", "correlationVector":"Orb5nxP8eE5uVLveXsYaSt.4","action":"ProcessGetUpdates", "result":"Done", "context":{"dataType":"Extension settings", "deleted":"0", "process_failed_to_decrypt":"0", "process_pending_decryption":"0", "process_success":"24", "total":"24"}}
{"logTime": "0609/194647", "correlationVector":"Orb5nxP8eE5uVLveXsYaSt.5","action":"GetUpdates Response", "result":"Success", "context":Received 34 update(s). cV=Orb5nxP8eE5uVLveXsYaSt.0;server=akswtt005000014;cloudType=Consumer;environment=Prod_brazilsouth_prod-s01-001-sam-brazilsouth;migrationStage=NotStarted}
{"logTime": "0609/194647", "correlationVector":"48tMmEVzB/BYbNaprf35Yp","action":"Initial GetUpdates", "result":"", "context":Reason: NEW_CLIENT. cV=48tMmEVzB/BYbNaprf35Yp}
{"logTime": "0609/194651", "correlationVector":"48tMmEVzB/BYbNaprf35Yp.1","action":"SyncServerConnectionManagerRequest", "result":"SYNC_SERVER_OK", "context":{"environment":"Prod_brazilsouth_prod-s01-001-sam-brazilsouth", "migrationStage":"NotStarted", "server":"akswtt00500001g"}}
{"logTime": "0609/194651", "correlationVector":"48tMmEVzB/BYbNaprf35Yp.2","action":"GetUpdates Response", "result":"Success", "context":Received 0 update(s). cV=48tMmEVzB/BYbNaprf35Yp.0;server=akswtt00500001g;cloudType=Consumer;environment=Prod_brazilsouth_prod-s01-001-sam-brazilsouth;migrationStage=NotStarted}
{"logTime": "0609/194651", "correlationVector":"DNeF2z2Kre/sJsKSLo6REg","action":"Normal GetUpdate request", "result":"", "context":cV=DNeF2z2Kre/sJsKSLo6REg
Nudged types: Sessions, Device Info, User Consents
Refresh requested types: Bookmarks, Preferences, Passwords, Autofill Profiles, Autofill, Extensions, Sessions, Extension settings, History Delete Directives, Device Info, User Consents, Send Tab To Self, Web Apps, History, Saved Tab Group, WebAuthn Credentials, Edge E Drop, Edge Hub App Usage, Edge Wallet, Edge Workspace, Encryption Keys}
{"logTime": "0609/194651", "correlationVector":"DNeF2z2Kre/sJsKSLo6REg.1","action":"SyncServerConnectionManagerRequest", "result":"SYNC_SERVER_OK", "context":{"environment":"Prod_brazilsouth_prod-s01-001-sam-brazilsouth", "migrationStage":"NotStarted", "server":"akswtt005000018"}}
{"logTime": "0609/194651", "correlationVector":"DNeF2z2Kre/sJsKSLo6REg.2","action":"GetUpdates Response", "result":"Success", "context":Received 0 update(s). cV=DNeF2z2Kre/sJsKSLo6REg.0;server=akswtt005000018;cloudType=Consumer;environment=Prod_brazilsouth_prod-s01-001-sam-brazilsouth;migrationStage=NotStarted}
{"logTime": "0609/194651", "correlationVector":"TdTrG5OCIe6KwVRBcARxO9","action":"DoCompareDataConsistency requsted types: ", "result":"Bookmarks, Preferences, Passwords, Extensions, Extension settings, History Delete Directives, Send Tab To Self, Web Apps, History, Saved Tab Group, WebAuthn Credentials, Edge E Drop, Edge Wallet, Edge Workspace, Encryption Keys"}
{"logTime": "0609/194651", "correlationVector":"TdTrG5OCIe6KwVRBcARxO9.0","action":"CompareDataConsistency result: ", "result":"Compare result: Encryption Keys is consistent. local entities count is: 1 local entities hash is: icJlAICkwDnHq2bFEYXGNdpQLC4="}
{"logTime": "0609/194651", "correlationVector":"TdTrG5OCIe6KwVRBcARxO9.1","action":"CompareDataConsistency result: ", "result":"Compare result: Bookmarks is consistent. local entities count is: 54 local entities hash is: XvBLZDu1lINW4dkFQCErY78N1SU="}
{"logTime": "0609/194651", "correlationVector":"TdTrG5OCIe6KwVRBcARxO9.2","action":"CompareDataConsistency result: ", "result":"Compare result: Preferences is consistent. local entities count is: 60 local entities hash is: WhrwlIFdX14hQ+rcouqqTyDVubA="}
{"logTime": "0609/194651", "correlationVector":"TdTrG5OCIe6KwVRBcARxO9.3","action":"CompareDataConsistency result: ", "result":"Compare result: Passwords is consistent. local entities count is: 5 local entities hash is: Uu2rlQhFjt4NQ2CYuIePTaKHVFk="}
{"logTime": "0609/194651", "correlationVector":"TdTrG5OCIe6KwVRBcARxO9.4","action":"CompareDataConsistency result: ", "result":"Compare result: Extensions is consistent. local entities count is: 3 local entities hash is: KJ2OB94BCMwiGYkSAJTKjR4HptU="}
{"logTime": "0609/194651", "correlationVector":"TdTrG5OCIe6KwVRBcARxO9.5","action":"CompareDataConsistency result: ", "result":"Compare result: Extension settings is consistent. local entities count is: 24 local entities hash is: uS3Sta6h9vXHABxzsXCL2c7N05Q="}
{"logTime": "0609/194651", "correlationVector":"TdTrG5OCIe6KwVRBcARxO9.6","action":"CompareDataConsistency result: ", "result":"Compare result: History Delete Directives is consistent. local entities count is: 0 local entities hash is: "}
{"logTime": "0609/194651", "correlationVector":"TdTrG5OCIe6KwVRBcARxO9.7","action":"CompareDataConsistency result: ", "result":"Server did not send this Send Tab To Self local entities count is: 0 local entities hash is: "}
{"logTime": "0609/194651", "correlationVector":"TdTrG5OCIe6KwVRBcARxO9.8","action":"CompareDataConsistency result: ", "result":"Compare result: Web Apps is consistent. local entities count is: 0 local entities hash is: "}
{"logTime": "0609/194651", "correlationVector":"TdTrG5OCIe6KwVRBcARxO9.9","action":"CompareDataConsistency result: ", "result":"Server did not send this History local entities count is: 0 local entities hash is: "}
{"logTime": "0609/194651", "correlationVector":"TdTrG5OCIe6KwVRBcARxO9.10","action":"CompareDataConsistency result: ", "result":"Compare result: Saved Tab Group is consistent. local entities count is: 0 local entities hash is: "}
{"logTime": "0609/194651", "correlationVector":"TdTrG5OCIe6KwVRBcARxO9.11","action":"CompareDataConsistency result: ", "result":"Server did not send this WebAuthn Credentials local entities count is: 0 local entities hash is: "}
{"logTime": "0609/194651", "correlationVector":"TdTrG5OCIe6KwVRBcARxO9.12","action":"CompareDataConsistency result: ", "result":"Compare result: Edge E Drop is consistent. local entities count is: 0 local entities hash is: "}
{"logTime": "0609/194651", "correlationVector":"TdTrG5OCIe6KwVRBcARxO9.13","action":"CompareDataConsistency result: ", "result":"Compare result: Edge Wallet is consistent. local entities count is: 0 local entities hash is: "}
{"logTime": "0609/194651", "correlationVector":"TdTrG5OCIe6KwVRBcARxO9.14","action":"CompareDataConsistency result: ", "result":"Server did not send this Edge Workspace local entities count is: 0 local entities hash is: "}
{"logTime": "0609/194651", "correlationVector":"09rp6CzYKIrDKRhy1yYjHi","action":"Commit Request", "result":"", "context":Item count: 4
Contributing types: Sessions, Device Info, User Consents}
{"logTime": "0609/194653", "correlationVector":"09rp6CzYKIrDKRhy1yYjHi.1","action":"SyncServerConnectionManagerRequest", "result":"SYNC_SERVER_OK", "context":{"environment":"Prod_brazilsouth_prod-s01-001-sam-brazilsouth", "migrationStage":"NotStarted", "server":"akswtt005000018"}}
{"logTime": "0609/194653", "correlationVector":"09rp6CzYKIrDKRhy1yYjHi.2","action":"Commit Response", "result":"Success", "context":Result: Success. cV=09rp6CzYKIrDKRhy1yYjHi.0;server=akswtt005000018;cloudType=Consumer;environment=Prod_brazilsouth_prod-s01-001-sam-brazilsouth;migrationStage=NotStarted}
{"logTime": "0609/194653", "correlationVector":"","action":"DIAGNOSTIC_REQUEST|v1/diagnosticData/Diagnostic.SendCheckResult()|SUCCESS", "result":""}
{"logTime": "0609/202308", "correlationVector":"G686KU29LzHp9/QmrQ6F8d.1","action":"SyncServerConnectionManagerRequest", "result":"SYNC_SERVER_OK", "context":{"environment":"Prod_brazilsouth_prod-s01-001-sam-brazilsouth", "migrationStage":"NotStarted", "server":"akswtt005000014"}}
{"logTime": "0609/202308", "correlationVector":"G686KU29LzHp9/QmrQ6F8d.2","action":"ProcessGetUpdates", "result":"Done", "context":{"dataType":"Encryption Keys", "deleted":"0", "process_failed_to_decrypt":"0", "process_pending_decryption":"0", "process_success":"1", "total":"1"}}
{"logTime": "0609/202308", "correlationVector":"wwBnzYDCsnK7pLJGNTFXSV","action":"SyncServerConnectionManagerRequest", "result":"SYNC_SERVER_OK", "context":{"environment":"", "migrationStage":"", "server":""}}
{"logTime": "0609/202308", "correlationVector":"wwBnzYDCsnK7pLJGNTFXSV.0","action":"EncryptionKeysFetcher.DownloadKeys:", "result":"Success", "context":Key count: 9, Last key timestamp: 2026-06-09T19:45:31Z}
{"logTime": "0609/202308", "correlationVector":"wwBnzYDCsnK7pLJGNTFXSV.1","action":"EncryptionKeysManager::SetEncryptionKeys:", "result":"Success", "context":Key names[9]:[pdO1Ank+nOzgikaBhNXchb3mbzSCb1X3yIFcmNABZR06j/cBPlghX8gPLIft8Qv9E+jqaWy9pP8wOoVuHuhWAg==][HcEFBQVZ9VKh22F82BONTGc2MhQRac9ZwZf8Ifx5QLrGQdZY9lgWeip8zSzfNVYWLigD1reFvLQ0ymI3HkwssQ==][8VKjXsSQulnxCVuvzCib3tTPTdhReD8hFQNTif+cWVrStQugIpGdHLCDHQn759e0Jl/YlErsQgnR/CPvEyt8Hg==][fT5NCjrh5NPX/gosWL7BsAyWGO1SW1Fs1jW3dcQnmQkRgou9Ecv96w5H7uwgHdXHepnTJKPVMnIjZhdzgEPvLg==][SBvRohgPQF6pyPCilCTDgMJYYBfHO5ysmz085zDGq262ZfuX6iTa3XqO5p3nbwazr7iGLduYTlwGJbKe4cEQkg==][WznpsJKZjId9ox1NdK5+D+XbAZ6+TaLuageR7Chvm5a+6/g8l/d5WoCc33dFGhQwt7MIggL5KMadip7f+ehAgA==][+L4shm6cPLkjPin0nXteGe042gb7aOnKDo8S54SHx1HVH/fDw6jdKfEVir0hLRzjxNQNt+/S6JDa8Dr8e9B0Dw==][Fzsw0dqIw+eODJ0Qh7aDeaX+NjI7HDkvH8A+q2iZoq8SwcFLXHY+YIQoKhvp+ftTtIahV+6ZpxT/s00Zv7l9rw==][RPHq3eo+R2qM1noZ9buoihZInSSwX515IdqDn5BpaJG3zG9BJdxSebD/8HbBlLz5xQnuuJl3IyD0SZTeGgo5VQ==]}
{"logTime": "0609/202308", "correlationVector":"wwBnzYDCsnK7pLJGNTFXSV.2","action":"EncryptionKeysManager::SetEncryptionKeysWithTimestamps:", "result":"Success", "context":Key timestamps[9]:[2021-08-21T17:38:55Z][2022-07-13T03:50:09Z][2023-02-06T16:56:04Z][2023-08-14T23:33:30Z][2024-04-16T22:34:00Z][2024-10-30T13:31:10Z][2025-05-13T18:15:01Z][2025-12-11T16:15:20Z][2026-06-09T19:45:31Z]}
{"logTime": "0609/202308", "correlationVector":"G686KU29LzHp9/QmrQ6F8d","action":"Initial GetUpdates", "result":"", "context":Reason: NEW_CLIENT. cV=G686KU29LzHp9/QmrQ6F8d}
{"logTime": "0609/202308", "correlationVector":"G686KU29LzHp9/QmrQ6F8d.3","action":"GetUpdates Response", "result":"Success", "context":Received 1 update(s). cV=G686KU29LzHp9/QmrQ6F8d.0;server=akswtt005000014;cloudType=Consumer;environment=Prod_brazilsouth_prod-s01-001-sam-brazilsouth;migrationStage=NotStarted}
{"logTime": "0609/202308", "correlationVector":"beWK03D7e1t3MQiyQ4mKoc","action":"Initial GetUpdates", "result":"", "context":Reason: NEWLY_SUPPORTED_DATATYPE. cV=beWK03D7e1t3MQiyQ4mKoc}
{"logTime": "0609/202308", "correlationVector":"beWK03D7e1t3MQiyQ4mKoc.1","action":"SyncServerConnectionManagerRequest", "result":"SYNC_SERVER_OK", "context":{"environment":"Prod_brazilsouth_prod-s01-001-sam-brazilsouth", "migrationStage":"NotStarted", "server":"akswtt005000013"}}
{"logTime": "0609/202308", "correlationVector":"beWK03D7e1t3MQiyQ4mKoc.2","action":"ProcessGetUpdates", "result":"Done", "context":{"dataType":"Passwords", "deleted":"0", "process_failed_to_decrypt":"0", "process_pending_decryption":"0", "process_success":"5", "total":"5"}}
{"logTime": "0609/202308", "correlationVector":"beWK03D7e1t3MQiyQ4mKoc.3","action":"GetUpdates Response", "result":"Success", "context":Received 5 update(s). cV=beWK03D7e1t3MQiyQ4mKoc.0;server=akswtt005000013;cloudType=Consumer;environment=Prod_brazilsouth_prod-s01-001-sam-brazilsouth;migrationStage=NotStarted}
{"logTime": "0609/202308", "correlationVector":"XbiHtzBASC5vO3fKKeLDKC","action":"Normal GetUpdate request", "result":"", "context":cV=XbiHtzBASC5vO3fKKeLDKC
Nudged types: Sessions, History, Encryption Keys
Refresh requested types: Bookmarks, Preferences, Passwords, Autofill Profiles, Autofill, Extensions, Sessions, Extension settings, History Delete Directives, Device Info, User Consents, Send Tab To Self, Web Apps, History, Saved Tab Group, WebAuthn Credentials, Edge E Drop, Edge Hub App Usage, Edge Wallet, Edge Workspace, Encryption Keys}
{"logTime": "0609/202309", "correlationVector":"XbiHtzBASC5vO3fKKeLDKC.1","action":"SyncServerConnectionManagerRequest", "result":"SYNC_SERVER_OK", "context":{"environment":"Prod_brazilsouth_prod-s01-001-sam-brazilsouth", "migrationStage":"NotStarted", "server":"akswtt005000014"}}
{"logTime": "0609/202309", "correlationVector":"XbiHtzBASC5vO3fKKeLDKC.2","action":"ProcessGetUpdates", "result":"Done", "context":{"dataType":"Sessions", "deleted":"0", "process_failed_to_decrypt":"0", "process_pending_decryption":"0", "process_success":"2", "total":"2"}}
{"logTime": "0609/202309", "correlationVector":"XbiHtzBASC5vO3fKKeLDKC.3","action":"ProcessGetUpdates", "result":"Done", "context":{"dataType":"Device Info", "deleted":"0", "process_failed_to_decrypt":"0", "process_pending_decryption":"0", "process_success":"1", "total":"1"}}
{"logTime": "0609/202309", "correlationVector":"XbiHtzBASC5vO3fKKeLDKC.4","action":"GetUpdates Response", "result":"Success", "context":Received 3 update(s). cV=XbiHtzBASC5vO3fKKeLDKC.0;server=akswtt005000014;cloudType=Consumer;environment=Prod_brazilsouth_prod-s01-001-sam-brazilsouth;migrationStage=NotStarted}
{"logTime": "0609/202309", "correlationVector":"yyAGbxnrbyOkjyPUsqI0xJ","action":"Commit Request", "result":"", "context":Item count: 1
Contributing types: Encryption Keys}
{"logTime": "0609/202309", "correlationVector":"yyAGbxnrbyOkjyPUsqI0xJ.1","action":"SyncServerConnectionManagerRequest", "result":"SYNC_SERVER_OK", "context":{"environment":"Prod_brazilsouth_prod-s01-001-sam-brazilsouth", "migrationStage":"NotStarted", "server":"akswtt005000018"}}
{"logTime": "0609/202309", "correlationVector":"yyAGbxnrbyOkjyPUsqI0xJ.2","action":"Commit Response", "result":"Success", "context":Result: Success. cV=yyAGbxnrbyOkjyPUsqI0xJ.0;server=akswtt005000018;cloudType=Consumer;environment=Prod_brazilsouth_prod-s01-001-sam-brazilsouth;migrationStage=NotStarted}
{"logTime": "0609/202309", "correlationVector":"fGAIyOor6OpwozGtHZDkVg","action":"Commit Request", "result":"", "context":Item count: 18
Contributing types: Preferences, Passwords, Autofill, Sessions, History}
{"logTime": "0609/202310", "correlationVector":"fGAIyOor6OpwozGtHZDkVg.1","action":"SyncServerConnectionManagerRequest", "result":"SYNC_SERVER_OK", "context":{"environment":"Prod_brazilsouth_prod-s01-001-sam-brazilsouth", "migrationStage":"NotStarted", "server":"akswtt00500001c"}}
{"logTime": "0609/202310", "correlationVector":"fGAIyOor6OpwozGtHZDkVg.2","action":"Commit Response", "result":"Success", "context":Result: Success. cV=fGAIyOor6OpwozGtHZDkVg.0;server=akswtt00500001c;cloudType=Consumer;environment=Prod_brazilsouth_prod-s01-001-sam-brazilsouth;migrationStage=NotStarted}
{"logTime": "0609/202310", "correlationVector":"fGAIyOor6OpwozGtHZDkVg.3","action":"Commit.Sessions", "result":"Success", "context":{"id":"b2d61490-9bf4-4818-9543-7cbd9c66b0e9", "isDeleted":"true", "size":"0", "version":"1781034412686"}}
