2026-06-09 19:45:19.333: [INFO][Sync] Reset engine, reason: 8
2026-06-09 19:45:19.336: [INFO][Sync] Stopped: Bookmarks
2026-06-09 19:45:19.336: [INFO][Sync] Stopped: Preferences
2026-06-09 19:45:19.336: [INFO][Sync] Stopped: Passwords
2026-06-09 19:45:19.336: [INFO][Sync] Stopped: Autofill Profiles
2026-06-09 19:45:19.336: [INFO][Sync] Stopped: Autofill
2026-06-09 19:45:19.336: [INFO][Sync] Stopped: Extensions
2026-06-09 19:45:19.336: [INFO][Sync] Stopped: Sessions
2026-06-09 19:45:19.336: [INFO][Sync] Stopped: Extension settings
2026-06-09 19:45:19.336: [INFO][Sync] Stopped: History Delete Directives
2026-06-09 19:45:19.336: [INFO][Sync] Stopped: Device Info
2026-06-09 19:45:19.336: [INFO][Sync] Stopped: User Consents
2026-06-09 19:45:19.336: [INFO][Sync] Stopped: Send Tab To Self
2026-06-09 19:45:19.336: [INFO][Sync] Stopped: Web Apps
2026-06-09 19:45:19.336: [INFO][Sync] Stopped: History
2026-06-09 19:45:19.336: [INFO][Sync] Stopped: Saved Tab Group
2026-06-09 19:45:19.336: [INFO][Sync] Stopped: WebAuthn Credentials
2026-06-09 19:45:19.336: [INFO][Sync] Stopped: Edge E Drop
2026-06-09 19:45:19.336: [INFO][Sync] Stopped: Edge Hub App Usage
2026-06-09 19:45:19.336: [INFO][Sync] Stopped: Edge Wallet
2026-06-09 19:45:19.336: [INFO][Sync] Stopped: Edge Workspace
2026-06-09 19:45:19.336: [INFO][Sync] SyncState after authenticated was: NotSignedIn
2026-06-09 19:45:19.987: [INFO][Sync] Reset engine, reason: 8
2026-06-09 19:45:19.987: [INFO][Sync] Stopped: Bookmarks
2026-06-09 19:45:19.987: [INFO][Sync] Stopped: Preferences
2026-06-09 19:45:19.987: [INFO][Sync] Stopped: Passwords
2026-06-09 19:45:19.987: [INFO][Sync] Stopped: Autofill Profiles
2026-06-09 19:45:19.987: [INFO][Sync] Stopped: Autofill
2026-06-09 19:45:19.987: [INFO][Sync] Stopped: Extensions
2026-06-09 19:45:19.987: [INFO][Sync] Stopped: Sessions
2026-06-09 19:45:19.987: [INFO][Sync] Stopped: Extension settings
2026-06-09 19:45:19.987: [INFO][Sync] Stopped: History Delete Directives
2026-06-09 19:45:19.987: [INFO][Sync] Stopped: Device Info
2026-06-09 19:45:19.987: [INFO][Sync] Stopped: User Consents
2026-06-09 19:45:19.987: [INFO][Sync] Stopped: Send Tab To Self
2026-06-09 19:45:19.987: [INFO][Sync] Stopped: Web Apps
2026-06-09 19:45:19.987: [INFO][Sync] Stopped: History
2026-06-09 19:45:19.987: [INFO][Sync] Stopped: Saved Tab Group
2026-06-09 19:45:19.987: [INFO][Sync] Stopped: WebAuthn Credentials
2026-06-09 19:45:19.987: [INFO][Sync] Stopped: Edge E Drop
2026-06-09 19:45:19.987: [INFO][Sync] Stopped: Edge Hub App Usage
2026-06-09 19:45:19.987: [INFO][Sync] Stopped: Edge Wallet
2026-06-09 19:45:19.987: [INFO][Sync] Stopped: Edge Workspace
2026-06-09 19:45:26.075: [INFO][Sync] Try to start sync engine
2026-06-09 19:45:26.079: [INFO][SyncManagerImpl::NudgeForInitialDownload] Initial download nudge for Encryption Keys
2026-06-09 19:45:26.079: [INFO][SyncEngineBackend::LoadAndConnectNigoriController] Load and connect Nigori controller
2026-06-09 19:45:26.079: [INFO][SyncEngineBackend::DoInitialize] Control Types added: Encryption Keys
2026-06-09 19:45:26.079: [INFO][SyncManagerImpl::ConfigureSyncer] Types to download: Encryption Keys with reason: 3
2026-06-09 19:45:26.079: [INFO][SyncSchedulerImpl::DoConfigurationSyncCycleJob] Configure job was blocked
2026-06-09 19:45:28.261: [INFO][SyncAuthManager::SetLastAuthError] Current auth error: None
2026-06-09 19:45:28.261: [INFO][SyncAuthManager::EdgeLogTokenErrorState] Token error with: None for account type: MSA
2026-06-09 19:45:28.261: [INFO][Sync] Credentials changed for: EdgeSyncKeyDataScope
2026-06-09 19:45:28.262: [INFO][SyncEngineBackend::DoUpdateKeyDataCredentials] Update key data credentials
2026-06-09 19:45:29.345: [INFO][SyncAuthManager::SetLastAuthError] Current auth error: None
2026-06-09 19:45:29.345: [INFO][SyncAuthManager::EdgeLogTokenErrorState] Token error with: None for account type: MSA
2026-06-09 19:45:29.345: [INFO][Sync] Credentials changed for: EdgeSyncScopeNew
2026-06-09 19:45:29.346: [INFO][SyncEngineBackend::DoUpdateCredentials] Update credentials
2026-06-09 19:45:29.346: [INFO][SyncSchedulerImpl::DoConfigurationSyncCycleJob] Blocked types:  and types to download: Encryption Keys
2026-06-09 19:45:30.652: [INFO][SyncSchedulerImpl::OnSyncNetworkError] Syncer error: HTTP error (503)
2026-06-09 19:45:30.652: [INFO][SyncSchedulerImpl::DoConfigurationSyncCycleJob] Syncer error: HTTP error (503)
2026-06-09 19:45:30.652: [INFO][SyncEngineBackend::DoUpdateKeyDataCredentials] Update key data credentials
2026-06-09 19:45:30.697: [INFO][Sync] Connection status changed to: 3
2026-06-09 19:45:30.705: [WARN][Sync] NetworkError: HTTP error (503)
2026-06-09 19:46:45.663: [INFO][SyncSchedulerImpl::DoConfigurationSyncCycleJob] Blocked types:  and types to download: Encryption Keys
2026-06-09 19:46:46.132: [INFO][Sync] Started DataTypeManager configuration, reason: 4
2026-06-09 19:46:46.133: [INFO][Sync] Configuring for: Bookmarks, Preferences, Passwords, Autofill Profiles, Autofill, Extensions, Sessions, Extension settings, History Delete Directives, Device Info, User Consents, Send Tab To Self, Web Apps, History, Saved Tab Group, WebAuthn Credentials, Edge E Drop, Edge Hub App Usage, Edge Wallet, Edge Workspace, Encryption Keys, reason: 3, current state: 0
2026-06-09 19:46:46.133: [INFO][SyncEngineBackend::DoStartConfiguration] Start configuration
2026-06-09 19:46:46.138: [INFO][Sync] Configure, desired: Bookmarks, Preferences, Passwords, Autofill Profiles, Autofill, Extensions, Sessions, Extension settings, History Delete Directives, Device Info, User Consents, Send Tab To Self, Web Apps, History, Saved Tab Group, WebAuthn Credentials, Edge E Drop, Edge Hub App Usage, Edge Wallet, Edge Workspace, Encryption Keys; Allow fail: 
2026-06-09 19:46:46.138: [INFO][Sync] Loading: Bookmarks
2026-06-09 19:46:46.138: [INFO][Sync] Loading: Preferences
2026-06-09 19:46:46.138: [INFO][Sync] Loading: Passwords
2026-06-09 19:46:46.138: [INFO][Sync] Loading: Autofill Profiles
2026-06-09 19:46:46.138: [INFO][Sync] Loading: Autofill
2026-06-09 19:46:46.138: [INFO][Sync] Loading: Extensions
2026-06-09 19:46:46.138: [INFO][Sync] Loading: Sessions
2026-06-09 19:46:46.138: [INFO][Sync] Loading: Extension settings
2026-06-09 19:46:46.138: [INFO][Sync] Loading: History Delete Directives
2026-06-09 19:46:46.138: [INFO][Sync] Loading: Device Info
2026-06-09 19:46:46.139: [INFO][Sync] Loading: User Consents
2026-06-09 19:46:46.139: [INFO][Sync] Loading: Send Tab To Self
2026-06-09 19:46:46.139: [INFO][Sync] Loading: Web Apps
2026-06-09 19:46:46.139: [INFO][Sync] Loading: History
2026-06-09 19:46:46.139: [INFO][Sync] Loading: Saved Tab Group
2026-06-09 19:46:46.139: [INFO][Sync] Loading: WebAuthn Credentials
2026-06-09 19:46:46.139: [INFO][Sync] Loading: Edge E Drop
2026-06-09 19:46:46.139: [INFO][Sync] Loading: Edge Hub App Usage
2026-06-09 19:46:46.139: [INFO][Sync] Loading: Edge Wallet
2026-06-09 19:46:46.139: [INFO][Sync] Loading: Edge Workspace
2026-06-09 19:46:46.157: [INFO][Sync] All data types are ready for configure.
2026-06-09 19:46:46.157: [INFO][SyncManagerImpl::NudgeForInitialDownload] Initial download nudge for Bookmarks
2026-06-09 19:46:46.157: [INFO][SyncManagerImpl::NudgeForInitialDownload] Initial download nudge for Preferences
2026-06-09 19:46:46.157: [INFO][SyncManagerImpl::NudgeForInitialDownload] Initial download nudge for Passwords
2026-06-09 19:46:46.157: [INFO][SyncManagerImpl::NudgeForInitialDownload] Initial download nudge for Autofill Profiles
2026-06-09 19:46:46.157: [INFO][SyncManagerImpl::NudgeForInitialDownload] Initial download nudge for Autofill
2026-06-09 19:46:46.158: [INFO][SyncManagerImpl::NudgeForInitialDownload] Initial download nudge for Extensions
2026-06-09 19:46:46.158: [INFO][SyncManagerImpl::NudgeForInitialDownload] Initial download nudge for Sessions
2026-06-09 19:46:46.158: [INFO][SyncManagerImpl::NudgeForInitialDownload] Initial download nudge for Extension settings
2026-06-09 19:46:46.158: [INFO][SyncManagerImpl::NudgeForInitialDownload] Initial download nudge for History Delete Directives
2026-06-09 19:46:46.158: [INFO][SyncManagerImpl::NudgeForInitialDownload] Initial download nudge for Device Info
2026-06-09 19:46:46.158: [INFO][SyncManagerImpl::NudgeForInitialDownload] Initial download nudge for Send Tab To Self
2026-06-09 19:46:46.158: [INFO][SyncManagerImpl::NudgeForInitialDownload] Initial download nudge for Web Apps
2026-06-09 19:46:46.158: [INFO][SyncManagerImpl::NudgeForInitialDownload] Initial download nudge for History
2026-06-09 19:46:46.158: [INFO][SyncManagerImpl::NudgeForInitialDownload] Initial download nudge for Saved Tab Group
2026-06-09 19:46:46.158: [INFO][SyncManagerImpl::NudgeForInitialDownload] Initial download nudge for WebAuthn Credentials
2026-06-09 19:46:46.158: [INFO][SyncManagerImpl::NudgeForInitialDownload] Initial download nudge for Edge E Drop
2026-06-09 19:46:46.158: [INFO][SyncManagerImpl::NudgeForInitialDownload] Initial download nudge for Edge Hub App Usage
2026-06-09 19:46:46.158: [INFO][SyncManagerImpl::NudgeForInitialDownload] Initial download nudge for Edge Wallet
2026-06-09 19:46:46.158: [INFO][SyncManagerImpl::NudgeForInitialDownload] Initial download nudge for Edge Workspace
2026-06-09 19:46:46.158: [INFO][SyncManagerImpl::ConfigureSyncer] Types to download:  with reason: 3
2026-06-09 19:46:46.158: [INFO][SyncEngineBackend::DoFinishConfigureDataTypes] Failed to download types:  and succeeded types: 
2026-06-09 19:46:46.158: [INFO][Sync] ConfigurationDone, failed: , succeeded: , remaining count: 4
2026-06-09 19:46:46.158: [INFO][Sync] Prepare to configure types: Preferences, Passwords, Device Info, Send Tab To Self, Edge E Drop, Encryption Keys
2026-06-09 19:46:46.159: [INFO][SyncManagerImpl::ConfigureSyncer] Types to download: Preferences, Passwords, Device Info, Send Tab To Self, Edge E Drop, Encryption Keys with reason: 3
2026-06-09 19:46:46.159: [INFO][SyncSchedulerImpl::DoConfigurationSyncCycleJob] Blocked types:  and types to download: Preferences, Passwords, Device Info, Send Tab To Self, Edge E Drop, Encryption Keys
2026-06-09 19:46:47.017: [INFO][SyncEngineBackend::DoFinishConfigureDataTypes] Failed to download types:  and succeeded types: Preferences, Passwords, Device Info, Send Tab To Self, Edge E Drop, Encryption Keys
2026-06-09 19:46:47.031: [INFO][Sync] ConfigurationDone, failed: , succeeded: Preferences, Passwords, Device Info, Send Tab To Self, Edge E Drop, Encryption Keys, remaining count: 3
2026-06-09 19:46:47.031: [INFO][Sync] Prepare to configure types: Bookmarks, Encryption Keys
2026-06-09 19:46:47.031: [INFO][SyncManagerImpl::ConfigureSyncer] Types to download: Bookmarks, Encryption Keys with reason: 3
2026-06-09 19:46:47.031: [INFO][SyncSchedulerImpl::DoConfigurationSyncCycleJob] Blocked types:  and types to download: Bookmarks, Encryption Keys
2026-06-09 19:46:47.355: [INFO][SyncEngineBackend::DoFinishConfigureDataTypes] Failed to download types:  and succeeded types: Bookmarks, Encryption Keys
2026-06-09 19:46:47.424: [INFO][Sync] ConfigurationDone, failed: , succeeded: Bookmarks, Encryption Keys, remaining count: 2
2026-06-09 19:46:47.424: [INFO][Sync] Prepare to configure types: Autofill Profiles, Autofill, Extensions, Sessions, Extension settings, History Delete Directives, Web Apps, Saved Tab Group, WebAuthn Credentials, Edge Hub App Usage, Edge Wallet, Edge Workspace, Encryption Keys
2026-06-09 19:46:47.424: [INFO][SyncManagerImpl::ConfigureSyncer] Types to download: Autofill Profiles, Autofill, Extensions, Sessions, Extension settings, History Delete Directives, Web Apps, Saved Tab Group, WebAuthn Credentials, Edge Hub App Usage, Edge Wallet, Edge Workspace, Encryption Keys with reason: 3
2026-06-09 19:46:47.424: [INFO][SyncSchedulerImpl::DoConfigurationSyncCycleJob] Blocked types:  and types to download: Autofill Profiles, Autofill, Extensions, Sessions, Extension settings, History Delete Directives, Web Apps, Saved Tab Group, WebAuthn Credentials, Edge Hub App Usage, Edge Wallet, Edge Workspace, Encryption Keys
2026-06-09 19:46:47.723: [INFO][SyncEngineBackend::DoFinishConfigureDataTypes] Failed to download types:  and succeeded types: Autofill Profiles, Autofill, Extensions, Sessions, Extension settings, History Delete Directives, Web Apps, Saved Tab Group, WebAuthn Credentials, Edge Hub App Usage, Edge Wallet, Edge Workspace, Encryption Keys
2026-06-09 19:46:47.732: [INFO][Sync] ConfigurationDone, failed: , succeeded: Autofill Profiles, Autofill, Extensions, Sessions, Extension settings, History Delete Directives, Web Apps, Saved Tab Group, WebAuthn Credentials, Edge Hub App Usage, Edge Wallet, Edge Workspace, Encryption Keys, remaining count: 1
2026-06-09 19:46:47.736: [INFO][Sync] Prepare to configure types: History, Encryption Keys
2026-06-09 19:46:47.736: [INFO][SyncManagerImpl::ConfigureSyncer] Types to download: History, Encryption Keys with reason: 3
2026-06-09 19:46:47.736: [INFO][SyncSchedulerImpl::DoConfigurationSyncCycleJob] Blocked types:  and types to download: History, Encryption Keys
2026-06-09 19:46:51.435: [INFO][SyncEngineBackend::DoFinishConfigureDataTypes] Failed to download types:  and succeeded types: History, Encryption Keys
2026-06-09 19:46:51.440: [INFO][Sync] ConfigurationDone, failed: , succeeded: History, Encryption Keys, remaining count: 0
2026-06-09 19:46:51.448: [INFO][Sync]     Configuration completed, state: 3
2026-06-09 19:46:51.448: [INFO][Sync] Configured DataTypeManager: Ok
2026-06-09 19:46:51.453: [INFO][SyncEngineBackend::DoStartSyncing] Start syncing
2026-06-09 19:48:19.772: [INFO][Sync] Reset engine, reason: 0
2026-06-09 19:48:19.772: [INFO][Sync] Reset engine with reason: 0
2026-06-09 20:22:57.340: [INFO][Sync] SyncState after authenticated was: FeatureCanStart
2026-06-09 20:23:00.066: [INFO][SyncAuthManager::SetLastAuthError] Current auth error: None
2026-06-09 20:23:00.066: [INFO][SyncAuthManager::EdgeLogTokenErrorState] Token error with: None for account type: MSA
2026-06-09 20:23:00.066: [INFO][Sync] Credentials changed for: EdgeSyncKeyDataScope
2026-06-09 20:23:07.524: [INFO][Sync] Try to start sync engine
2026-06-09 20:23:07.526: [INFO][SyncManagerImpl::NudgeForInitialDownload] Initial download nudge for Encryption Keys
2026-06-09 20:23:07.526: [INFO][SyncEngineBackend::LoadAndConnectNigoriController] Load and connect Nigori controller
2026-06-09 20:23:07.526: [INFO][SyncEngineBackend::DoInitialize] Control Types added: Encryption Keys
2026-06-09 20:23:07.526: [INFO][SyncManagerImpl::ConfigureSyncer] Types to download: Encryption Keys with reason: 3
2026-06-09 20:23:07.526: [INFO][SyncEngineBackend::DoUpdateKeyDataCredentials] Update key data credentials
2026-06-09 20:23:07.526: [INFO][SyncSchedulerImpl::DoConfigurationSyncCycleJob] Configure job was blocked
2026-06-09 20:23:07.537: [INFO][SyncAuthManager::SetLastAuthError] Current auth error: None
2026-06-09 20:23:07.537: [INFO][SyncAuthManager::EdgeLogTokenErrorState] Token error with: None for account type: MSA
2026-06-09 20:23:07.537: [INFO][Sync] Credentials changed for: EdgeSyncScopeNew
2026-06-09 20:23:07.537: [INFO][SyncEngineBackend::DoUpdateCredentials] Update credentials
2026-06-09 20:23:07.537: [INFO][SyncSchedulerImpl::DoConfigurationSyncCycleJob] Blocked types:  and types to download: Encryption Keys
2026-06-09 20:23:08.034: [INFO][SyncEngineBackend::DoUpdateKeyDataCredentials] Update key data credentials
2026-06-09 20:23:08.054: [INFO][Sync] Started DataTypeManager configuration, reason: 4
2026-06-09 20:23:08.054: [INFO][Sync] Configuring for: Bookmarks, Preferences, Passwords, Autofill Profiles, Autofill, Extensions, Sessions, Extension settings, History Delete Directives, Device Info, User Consents, Send Tab To Self, Web Apps, History, Saved Tab Group, WebAuthn Credentials, Edge E Drop, Edge Hub App Usage, Edge Wallet, Edge Workspace, Encryption Keys, reason: 4, current state: 0
2026-06-09 20:23:08.054: [WARN][Sync] Crypto error data types: Passwords, Autofill Profiles, Autofill
2026-06-09 20:23:08.056: [INFO][Sync] Configure, desired: Bookmarks, Preferences, Extensions, Sessions, Extension settings, History Delete Directives, Device Info, User Consents, Send Tab To Self, Web Apps, History, Saved Tab Group, WebAuthn Credentials, Edge E Drop, Edge Hub App Usage, Edge Wallet, Edge Workspace, Encryption Keys; Allow fail: Passwords, Autofill Profiles, Autofill
2026-06-09 20:23:08.056: [INFO][Sync] Loading: Bookmarks
2026-06-09 20:23:08.056: [INFO][Sync] Loading: Preferences
2026-06-09 20:23:08.056: [INFO][Sync] Loading: Extensions
2026-06-09 20:23:08.056: [INFO][Sync] Loading: Sessions
2026-06-09 20:23:08.056: [INFO][Sync] Loading: Extension settings
2026-06-09 20:23:08.056: [INFO][Sync] Loading: History Delete Directives
2026-06-09 20:23:08.056: [INFO][Sync] Loading: Device Info
2026-06-09 20:23:08.056: [INFO][Sync] Loading: User Consents
2026-06-09 20:23:08.056: [INFO][Sync] Loading: Send Tab To Self
2026-06-09 20:23:08.056: [INFO][Sync] Loading: Web Apps
2026-06-09 20:23:08.056: [INFO][Sync] Loading: History
2026-06-09 20:23:08.056: [INFO][Sync] Loading: Saved Tab Group
2026-06-09 20:23:08.056: [INFO][Sync] Loading: WebAuthn Credentials
2026-06-09 20:23:08.056: [INFO][Sync] Loading: Edge E Drop
2026-06-09 20:23:08.056: [INFO][Sync] Loading: Edge Hub App Usage
2026-06-09 20:23:08.056: [INFO][Sync] Loading: Edge Wallet
2026-06-09 20:23:08.056: [INFO][Sync] Loading: Edge Workspace
2026-06-09 20:23:08.061: [INFO][Sync] All data types are ready for configure.
2026-06-09 20:23:08.717: [INFO][Sync] Started DataTypeManager configuration, reason: 5
2026-06-09 20:23:08.718: [INFO][Sync] Configuring for: Bookmarks, Preferences, Passwords, Autofill Profiles, Autofill, Extensions, Sessions, Extension settings, History Delete Directives, Device Info, User Consents, Send Tab To Self, Web Apps, History, Saved Tab Group, WebAuthn Credentials, Edge E Drop, Edge Hub App Usage, Edge Wallet, Edge Workspace, Encryption Keys, reason: 5, current state: 1
2026-06-09 20:23:08.732: [INFO][SyncEngineBackend::DoStartConfiguration] Start configuration
2026-06-09 20:23:08.733: [INFO][SyncManagerImpl::ConfigureSyncer] Types to download:  with reason: 4
2026-06-09 20:23:08.733: [INFO][SyncEngineBackend::DoFinishConfigureDataTypes] Failed to download types:  and succeeded types: 
2026-06-09 20:23:08.733: [INFO][Sync] ConfigurationDone, failed: , succeeded: , remaining count: 4
2026-06-09 20:23:08.733: [WARN][Sync]     Reconfigure requested while configuration ongoing.
2026-06-09 20:23:08.733: [INFO][Sync] Configuring for: Bookmarks, Preferences, Passwords, Autofill Profiles, Autofill, Extensions, Sessions, Extension settings, History Delete Directives, Device Info, User Consents, Send Tab To Self, Web Apps, History, Saved Tab Group, WebAuthn Credentials, Edge E Drop, Edge Hub App Usage, Edge Wallet, Edge Workspace, Encryption Keys, reason: 5, current state: 2
2026-06-09 20:23:08.733: [INFO][Sync] Configure, desired: Bookmarks, Preferences, Passwords, Autofill Profiles, Autofill, Extensions, Sessions, Extension settings, History Delete Directives, Device Info, User Consents, Send Tab To Self, Web Apps, History, Saved Tab Group, WebAuthn Credentials, Edge E Drop, Edge Hub App Usage, Edge Wallet, Edge Workspace, Encryption Keys; Allow fail: 
2026-06-09 20:23:08.733: [INFO][Sync] Loading: Passwords
2026-06-09 20:23:08.733: [INFO][Sync] Loading: Autofill Profiles
2026-06-09 20:23:08.733: [INFO][Sync] Loading: Autofill
2026-06-09 20:23:08.733: [INFO][Sync] All data types are ready for configure.
2026-06-09 20:23:08.733: [INFO][SyncManagerImpl::NudgeForInitialDownload] Initial download nudge for Passwords
2026-06-09 20:23:08.733: [INFO][SyncManagerImpl::ConfigureSyncer] Types to download:  with reason: 5
2026-06-09 20:23:08.733: [INFO][SyncEngineBackend::DoFinishConfigureDataTypes] Failed to download types:  and succeeded types: 
2026-06-09 20:23:08.733: [INFO][Sync] ConfigurationDone, failed: , succeeded: , remaining count: 4
2026-06-09 20:23:08.733: [INFO][Sync] Prepare to configure types: Passwords, Encryption Keys
2026-06-09 20:23:08.733: [INFO][SyncManagerImpl::ConfigureSyncer] Types to download: Passwords, Encryption Keys with reason: 5
2026-06-09 20:23:08.733: [INFO][SyncSchedulerImpl::DoConfigurationSyncCycleJob] Blocked types:  and types to download: Passwords, Encryption Keys
2026-06-09 20:23:08.908: [INFO][SyncEngineBackend::DoFinishConfigureDataTypes] Failed to download types:  and succeeded types: Passwords, Encryption Keys
2026-06-09 20:23:08.912: [INFO][Sync] ConfigurationDone, failed: , succeeded: Passwords, Encryption Keys, remaining count: 3
2026-06-09 20:23:08.912: [INFO][SyncManagerImpl::ConfigureSyncer] Types to download:  with reason: 5
2026-06-09 20:23:08.912: [INFO][SyncEngineBackend::DoFinishConfigureDataTypes] Failed to download types:  and succeeded types: 
2026-06-09 20:23:08.912: [INFO][Sync] ConfigurationDone, failed: , succeeded: , remaining count: 2
2026-06-09 20:23:08.912: [INFO][SyncManagerImpl::ConfigureSyncer] Types to download:  with reason: 5
2026-06-09 20:23:08.912: [INFO][SyncEngineBackend::DoFinishConfigureDataTypes] Failed to download types:  and succeeded types: 
2026-06-09 20:23:08.912: [INFO][Sync] ConfigurationDone, failed: , succeeded: , remaining count: 1
2026-06-09 20:23:08.916: [INFO][SyncManagerImpl::ConfigureSyncer] Types to download:  with reason: 5
2026-06-09 20:23:08.916: [INFO][SyncEngineBackend::DoFinishConfigureDataTypes] Failed to download types:  and succeeded types: 
2026-06-09 20:23:08.920: [INFO][Sync] ConfigurationDone, failed: , succeeded: , remaining count: 0
2026-06-09 20:23:08.924: [INFO][Sync]     Configuration completed, state: 7
2026-06-09 20:23:08.924: [INFO][Sync] Configured DataTypeManager: Ok
2026-06-09 20:23:08.927: [INFO][SyncEngineBackend::DoStartSyncing] Start syncing
2026-06-09 20:28:39.987: [INFO][Sync] Reset engine, reason: 0
2026-06-09 20:28:39.987: [INFO][Sync] Reset engine with reason: 0
